error[E013]: variable not matched in pattern
./test/programs/error-var-not-matched.defs:1:15
   |
 1 | (def (copy x) $x)
   |               ^^ the variable
./test/programs/error-var-not-matched.defs:1:6
   |
 1 | (def (copy x) $x)
   |      ^^^^^^^^ the pattern
help: variables cannot be used without first being matched
