error[E002]: too few ellipses
./test/programs/error-ellipses-1-0.defs:1:7
   |
 1 | (def ($x ..) $x)
   |       ^^ matched with 1 ellipsis in pattern
./test/programs/error-ellipses-1-0.defs:1:14
   |
 1 | (def ($x ..) $x)
   |              ^^ used with 0 ellipses in constructor
help: variables must be used with the same number of ellipses they were matched with
